
==================================================
🚀 BẮT ĐẦU CHẠY: download_folder.py | Kích hoạt: Manual | Múi giờ: VN (2026-07-08 16:44:22)
==================================================
[1m========================================[0m
[1m   TOOL TẢI FOLDER TỪ GITHUB REPO       [0m
[1m   Repo: d4m-dev/media       [0m
[1m========================================[0m

[95m╔════════════════════════════════════════╗[0m
[95m║ 📂 DUYỆT: Root                         ║[0m
[95m╚════════════════════════════════════════╝[0m
[92m0. [📥 TẢI VỀ THƯ MỤC NÀY][0m
1. 📁 .github/
2. 📁 GalleryFlow.com/
3. 📁 Instagram.com-beta/
4. 📁 MaNguon/
5. 📁 ThuVienChinh/
6. 📁 TrinhTaoLyric.com/
7. 📁 avatar2d/
8. 📁 load-track/
9. 📁 ubuntu-backend-core/
10. 📁 web3-DarkSaaS/
11. 📁 web3-landing/
[91mq. Thoát[0m

[1m👉 Chọn số: [0m
⚠️ BỊ TIÊU DIỆT KHẨN CẤP BỞI ADMIN LÚC 16:44:49

🏁 KẾT THÚC: download_folder.py lúc 2026-07-08 16:44:49
